// Jest Snapshot v1, https://goo.gl/fbAQLP

exports[`PepperV1Factory #createPool gas 1`] = `4557092`;

exports[`PepperV1Factory factory bytecode size 1`] = `24535`;

exports[`PepperV1Factory pool bytecode size 1`] = `22142`;
